// Jest Snapshot v1, https://goo.gl/fbAQLP

exports[`<Footer /> renders with non zh 1`] = `
<DocumentFragment>
  .c0 {
  text-align: center;
  min-height: 50px;
}

.c0 a {
  cursor: pointer;
  white-space: nowrap;
}

.c1 {
  margin-right: 4em;
  white-space: nowrap;
}

<div
    class="c0"
  >
    <span
      class="c1"
    >
      © 2022 poi Contributors
    </span>
    <div
      class="bp4-button-group bp4-minimal"
    >
      <a
        class="bp4-button"
        href="https://discordapp.com/channels/118339803660943369/367575898313981952"
        rel="noopener"
        role="button"
        tabindex="0"
        target="_blank"
      >
        <span
          class="bp4-button-text"
        >
          <svg
            aria-hidden="true"
            class="svg-inline--fa fa-discord fa-fw fa-lg "
            data-icon="discord"
            data-prefix="fab"
            focusable="false"
            role="img"
            viewBox="0 0 640 512"
            xmlns="http://www.w3.org/2000/svg"
          >
            <path
              d="M524.5 69.84a1.5 1.5 0 0 0 -.764-.7A485.1 485.1 0 0 0 404.1 32.03a1.816 1.816 0 0 0 -1.923 .91 337.5 337.5 0 0 0 -14.9 30.6 447.8 447.8 0 0 0 -134.4 0 309.5 309.5 0 0 0 -15.14-30.6 1.89 1.89 0 0 0 -1.924-.91A483.7 483.7 0 0 0 116.1 69.14a1.712 1.712 0 0 0 -.788 .676C39.07 183.7 18.19 294.7 28.43 404.4a2.016 2.016 0 0 0 .765 1.375A487.7 487.7 0 0 0 176 479.9a1.9 1.9 0 0 0 2.063-.676A348.2 348.2 0 0 0 208.1 430.4a1.86 1.86 0 0 0 -1.019-2.588 321.2 321.2 0 0 1 -45.87-21.85 1.885 1.885 0 0 1 -.185-3.126c3.082-2.309 6.166-4.711 9.109-7.137a1.819 1.819 0 0 1 1.9-.256c96.23 43.92 200.4 43.92 295.5 0a1.812 1.812 0 0 1 1.924 .233c2.944 2.426 6.027 4.851 9.132 7.16a1.884 1.884 0 0 1 -.162 3.126 301.4 301.4 0 0 1 -45.89 21.83 1.875 1.875 0 0 0 -1 2.611 391.1 391.1 0 0 0 30.01 48.81 1.864 1.864 0 0 0 2.063 .7A486 486 0 0 0 610.7 405.7a1.882 1.882 0 0 0 .765-1.352C623.7 277.6 590.9 167.5 524.5 69.84zM222.5 337.6c-28.97 0-52.84-26.59-52.84-59.24S193.1 219.1 222.5 219.1c29.67 0 53.31 26.82 52.84 59.24C275.3 310.1 251.9 337.6 222.5 337.6zm195.4 0c-28.97 0-52.84-26.59-52.84-59.24S388.4 219.1 417.9 219.1c29.67 0 53.31 26.82 52.84 59.24C470.7 310.1 447.5 337.6 417.9 337.6z"
              fill="currentColor"
            />
          </svg>
          Discord
        </span>
      </a>
      <a
        class="bp4-button"
        href="https://github.com/poooi/poi"
        rel="noopener"
        role="button"
        tabindex="0"
        target="_blank"
      >
        <span
          class="bp4-button-text"
        >
          <svg
            aria-hidden="true"
            class="svg-inline--fa fa-github fa-fw fa-lg "
            data-icon="github"
            data-prefix="fab"
            focusable="false"
            role="img"
            viewBox="0 0 496 512"
            xmlns="http://www.w3.org/2000/svg"
          >
            <path
              d="M165.9 397.4c0 2-2.3 3.6-5.2 3.6-3.3 .3-5.6-1.3-5.6-3.6 0-2 2.3-3.6 5.2-3.6 3-.3 5.6 1.3 5.6 3.6zm-31.1-4.5c-.7 2 1.3 4.3 4.3 4.9 2.6 1 5.6 0 6.2-2s-1.3-4.3-4.3-5.2c-2.6-.7-5.5 .3-6.2 2.3zm44.2-1.7c-2.9 .7-4.9 2.6-4.6 4.9 .3 2 2.9 3.3 5.9 2.6 2.9-.7 4.9-2.6 4.6-4.6-.3-1.9-3-3.2-5.9-2.9zM244.8 8C106.1 8 0 113.3 0 252c0 110.9 69.8 205.8 169.5 239.2 12.8 2.3 17.3-5.6 17.3-12.1 0-6.2-.3-40.4-.3-61.4 0 0-70 15-84.7-29.8 0 0-11.4-29.1-27.8-36.6 0 0-22.9-15.7 1.6-15.4 0 0 24.9 2 38.6 25.8 21.9 38.6 58.6 27.5 72.9 20.9 2.3-16 8.8-27.1 16-33.7-55.9-6.2-112.3-14.3-112.3-110.5 0-27.5 7.6-41.3 23.6-58.9-2.6-6.5-11.1-33.3 2.6-67.9 20.9-6.5 69 27 69 27 20-5.6 41.5-8.5 62.8-8.5s42.8 2.9 62.8 8.5c0 0 48.1-33.6 69-27 13.7 34.7 5.2 61.4 2.6 67.9 16 17.7 25.8 31.5 25.8 58.9 0 96.5-58.9 104.2-114.8 110.5 9.2 7.9 17 22.9 17 46.4 0 33.7-.3 75.4-.3 83.6 0 6.5 4.6 14.4 17.3 12.1C428.2 457.8 496 362.9 496 252 496 113.3 383.5 8 244.8 8zM97.2 352.9c-1.3 1-1 3.3 .7 5.2 1.6 1.6 3.9 2.3 5.2 1 1.3-1 1-3.3-.7-5.2-1.6-1.6-3.9-2.3-5.2-1zm-10.8-8.1c-.7 1.3 .3 2.9 2.3 3.9 1.6 1 3.6 .7 4.3-.7 .7-1.3-.3-2.9-2.3-3.9-2-.6-3.6-.3-4.3 .7zm32.4 35.6c-1.6 1.3-1 4.3 1.3 6.2 2.3 2.3 5.2 2.6 6.5 1 1.3-1.3 .7-4.3-1.3-6.2-2.2-2.3-5.2-2.6-6.5-1zm-11.4-14.7c-1.6 1-1.6 3.6 0 5.9 1.6 2.3 4.3 3.3 5.6 2.3 1.6-1.3 1.6-3.9 0-6.2-1.4-2.3-4-3.3-5.6-2z"
              fill="currentColor"
            />
          </svg>
          GitHub
        </span>
      </a>
      <a
        class="bp4-button"
        href="https://opencollective.com/poi"
        rel="noopener"
        role="button"
        tabindex="0"
        target="_blank"
      >
        <span
          class="bp4-button-text"
        >
          <svg
            aria-hidden="true"
            class="svg-inline--fa fa-heart fa-fw fa-lg "
            data-icon="heart"
            data-prefix="fas"
            focusable="false"
            role="img"
            viewBox="0 0 512 512"
            xmlns="http://www.w3.org/2000/svg"
          >
            <path
              d="M0 190.9V185.1C0 115.2 50.52 55.58 119.4 44.1C164.1 36.51 211.4 51.37 244 84.02L256 96L267.1 84.02C300.6 51.37 347 36.51 392.6 44.1C461.5 55.58 512 115.2 512 185.1V190.9C512 232.4 494.8 272.1 464.4 300.4L283.7 469.1C276.2 476.1 266.3 480 256 480C245.7 480 235.8 476.1 228.3 469.1L47.59 300.4C17.23 272.1 .0003 232.4 .0003 190.9L0 190.9z"
              fill="currentColor"
            />
          </svg>
          OpenCollective
        </span>
      </a>
    </div>
  </div>
</DocumentFragment>
`;

exports[`<Footer /> renders with zh 1`] = `
<DocumentFragment>
  .c0 {
  text-align: center;
  min-height: 50px;
}

.c0 a {
  cursor: pointer;
  white-space: nowrap;
}

.c1 {
  margin-right: 4em;
  white-space: nowrap;
}

<div
    class="c0"
  >
    <span
      class="c1"
    >
      © 2022 poi Contributors
    </span>
    <div
      class="bp4-button-group bp4-minimal"
    >
      <a
        class="bp4-button"
        href="http://weibo.com/letspoi"
        rel="noopener"
        role="button"
        tabindex="0"
        target="_blank"
      >
        <span
          class="bp4-button-text"
        >
          <svg
            aria-hidden="true"
            class="svg-inline--fa fa-weibo fa-fw fa-lg "
            data-icon="weibo"
            data-prefix="fab"
            focusable="false"
            role="img"
            viewBox="0 0 512 512"
            xmlns="http://www.w3.org/2000/svg"
          >
            <path
              d="M407 177.6c7.6-24-13.4-46.8-37.4-41.7-22 4.8-28.8-28.1-7.1-32.8 50.1-10.9 92.3 37.1 76.5 84.8-6.8 21.2-38.8 10.8-32-10.3zM214.8 446.7C108.5 446.7 0 395.3 0 310.4c0-44.3 28-95.4 76.3-143.7C176 67 279.5 65.8 249.9 161c-4 13.1 12.3 5.7 12.3 6 79.5-33.6 140.5-16.8 114 51.4-3.7 9.4 1.1 10.9 8.3 13.1 135.7 42.3 34.8 215.2-169.7 215.2zm143.7-146.3c-5.4-55.7-78.5-94-163.4-85.7-84.8 8.6-148.8 60.3-143.4 116s78.5 94 163.4 85.7c84.8-8.6 148.8-60.3 143.4-116zM347.9 35.1c-25.9 5.6-16.8 43.7 8.3 38.3 72.3-15.2 134.8 52.8 111.7 124-7.4 24.2 29.1 37 37.4 12 31.9-99.8-55.1-195.9-157.4-174.3zm-78.5 311c-17.1 38.8-66.8 60-109.1 46.3-40.8-13.1-58-53.4-40.3-89.7 17.7-35.4 63.1-55.4 103.4-45.1 42 10.8 63.1 50.2 46 88.5zm-86.3-30c-12.9-5.4-30 .3-38 12.9-8.3 12.9-4.3 28 8.6 34 13.1 6 30.8 .3 39.1-12.9 8-13.1 3.7-28.3-9.7-34zm32.6-13.4c-5.1-1.7-11.4 .6-14.3 5.4-2.9 5.1-1.4 10.6 3.7 12.9 5.1 2 11.7-.3 14.6-5.4 2.8-5.2 1.1-10.9-4-12.9z"
              fill="currentColor"
            />
          </svg>
          Weibo
        </span>
      </a>
      <a
        class="bp4-button"
        href="https://t.me/joinchat/ENYTx0Cr6B9OxSCRKUzYUw"
        rel="noopener"
        role="button"
        tabindex="0"
        target="_blank"
      >
        <span
          class="bp4-button-text"
        >
          <svg
            aria-hidden="true"
            class="svg-inline--fa fa-telegram fa-fw fa-lg "
            data-icon="telegram"
            data-prefix="fab"
            focusable="false"
            role="img"
            viewBox="0 0 496 512"
            xmlns="http://www.w3.org/2000/svg"
          >
            <path
              d="M248 8C111 8 0 119 0 256S111 504 248 504 496 392.1 496 256 384.1 8 248 8zM362.1 176.7c-3.732 39.22-19.88 134.4-28.1 178.3-3.476 18.58-10.32 24.82-16.95 25.42-14.4 1.326-25.34-9.517-39.29-18.66-21.83-14.31-34.16-23.22-55.35-37.18-24.49-16.14-8.612-25 5.342-39.5 3.652-3.793 67.11-61.51 68.33-66.75 .153-.655 .3-3.1-1.154-4.384s-3.59-.849-5.135-.5q-3.283 .746-104.6 69.14-14.85 10.19-26.89 9.934c-8.855-.191-25.89-5.006-38.55-9.123-15.53-5.048-27.88-7.717-26.8-16.29q.84-6.7 18.45-13.7 108.4-47.25 144.6-62.3c68.87-28.65 83.18-33.62 92.51-33.79 2.052-.034 6.639 .474 9.61 2.885a10.45 10.45 0 0 1 3.53 6.716A43.76 43.76 0 0 1 362.1 176.7z"
              fill="currentColor"
            />
          </svg>
          Telegram
        </span>
      </a>
      <a
        class="bp4-button"
        href="https://github.com/poooi/poi"
        rel="noopener"
        role="button"
        tabindex="0"
        target="_blank"
      >
        <span
          class="bp4-button-text"
        >
          <svg
            aria-hidden="true"
            class="svg-inline--fa fa-github fa-fw fa-lg "
            data-icon="github"
            data-prefix="fab"
            focusable="false"
            role="img"
            viewBox="0 0 496 512"
            xmlns="http://www.w3.org/2000/svg"
          >
            <path
              d="M165.9 397.4c0 2-2.3 3.6-5.2 3.6-3.3 .3-5.6-1.3-5.6-3.6 0-2 2.3-3.6 5.2-3.6 3-.3 5.6 1.3 5.6 3.6zm-31.1-4.5c-.7 2 1.3 4.3 4.3 4.9 2.6 1 5.6 0 6.2-2s-1.3-4.3-4.3-5.2c-2.6-.7-5.5 .3-6.2 2.3zm44.2-1.7c-2.9 .7-4.9 2.6-4.6 4.9 .3 2 2.9 3.3 5.9 2.6 2.9-.7 4.9-2.6 4.6-4.6-.3-1.9-3-3.2-5.9-2.9zM244.8 8C106.1 8 0 113.3 0 252c0 110.9 69.8 205.8 169.5 239.2 12.8 2.3 17.3-5.6 17.3-12.1 0-6.2-.3-40.4-.3-61.4 0 0-70 15-84.7-29.8 0 0-11.4-29.1-27.8-36.6 0 0-22.9-15.7 1.6-15.4 0 0 24.9 2 38.6 25.8 21.9 38.6 58.6 27.5 72.9 20.9 2.3-16 8.8-27.1 16-33.7-55.9-6.2-112.3-14.3-112.3-110.5 0-27.5 7.6-41.3 23.6-58.9-2.6-6.5-11.1-33.3 2.6-67.9 20.9-6.5 69 27 69 27 20-5.6 41.5-8.5 62.8-8.5s42.8 2.9 62.8 8.5c0 0 48.1-33.6 69-27 13.7 34.7 5.2 61.4 2.6 67.9 16 17.7 25.8 31.5 25.8 58.9 0 96.5-58.9 104.2-114.8 110.5 9.2 7.9 17 22.9 17 46.4 0 33.7-.3 75.4-.3 83.6 0 6.5 4.6 14.4 17.3 12.1C428.2 457.8 496 362.9 496 252 496 113.3 383.5 8 244.8 8zM97.2 352.9c-1.3 1-1 3.3 .7 5.2 1.6 1.6 3.9 2.3 5.2 1 1.3-1 1-3.3-.7-5.2-1.6-1.6-3.9-2.3-5.2-1zm-10.8-8.1c-.7 1.3 .3 2.9 2.3 3.9 1.6 1 3.6 .7 4.3-.7 .7-1.3-.3-2.9-2.3-3.9-2-.6-3.6-.3-4.3 .7zm32.4 35.6c-1.6 1.3-1 4.3 1.3 6.2 2.3 2.3 5.2 2.6 6.5 1 1.3-1.3 .7-4.3-1.3-6.2-2.2-2.3-5.2-2.6-6.5-1zm-11.4-14.7c-1.6 1-1.6 3.6 0 5.9 1.6 2.3 4.3 3.3 5.6 2.3 1.6-1.3 1.6-3.9 0-6.2-1.4-2.3-4-3.3-5.6-2z"
              fill="currentColor"
            />
          </svg>
          GitHub
        </span>
      </a>
      <a
        class="bp4-button"
        href="https://opencollective.com/poi"
        rel="noopener"
        role="button"
        tabindex="0"
        target="_blank"
      >
        <span
          class="bp4-button-text"
        >
          <svg
            aria-hidden="true"
            class="svg-inline--fa fa-heart fa-fw fa-lg "
            data-icon="heart"
            data-prefix="fas"
            focusable="false"
            role="img"
            viewBox="0 0 512 512"
            xmlns="http://www.w3.org/2000/svg"
          >
            <path
              d="M0 190.9V185.1C0 115.2 50.52 55.58 119.4 44.1C164.1 36.51 211.4 51.37 244 84.02L256 96L267.1 84.02C300.6 51.37 347 36.51 392.6 44.1C461.5 55.58 512 115.2 512 185.1V190.9C512 232.4 494.8 272.1 464.4 300.4L283.7 469.1C276.2 476.1 266.3 480 256 480C245.7 480 235.8 476.1 228.3 469.1L47.59 300.4C17.23 272.1 .0003 232.4 .0003 190.9L0 190.9z"
              fill="currentColor"
            />
          </svg>
          OpenCollective
        </span>
      </a>
    </div>
  </div>
</DocumentFragment>
`;
