// Jest Snapshot v1, https://goo.gl/fbAQLP

exports[`<TypeCat /> renders 1`] = `
<DocumentFragment>
  .c0 {
  display: inline-block;
  margin: 20px 10px;
}

.c1 {
  opacity: 1;
}

.c1 .Cursor--blinking {
  opacity: 1;
  -webkit-animation: blink 1s linear infinite;
  animation: blink 1s linear infinite;
}

.c2 {
  opacity: 0;
  display: none;
}

.c2 .Cursor--blinking {
  opacity: 1;
  -webkit-animation: blink 1s linear infinite;
  animation: blink 1s linear infinite;
}

<div
    class="c0"
  >
    <div
      class="c1"
    >
      <div
        data-testid="typist"
      />
    </div>
    <div
      class="c2"
      data-testid="typing"
    >
      Hello World
      <span
        style="opacity: 0;"
      >
        _
      </span>
    </div>
  </div>
</DocumentFragment>
`;
